// Bun Snapshot v1, https://bun.sh/docs/test/snapshots

exports[`day detail overlay portland day detail golden at md 80x24: md 80x24 1`] = `
"┌─day detail · Mon 2026-08-24──────────────────────────────────────────────────┐
│── 16 hourly points ──────────────────────────────  wind max  9 mph           │
│temp               ▂▂▄▆▆▇██92°███▇▇▅▄▄              gust max  19 mph          │
│                ▅▅████████████████████▇▇▄           UV max    6.5             │
│             ▃▅▅███████████████████████████▇▅▅▄▃▃   precip    0.00 in         │
│     61°▄▄▆██████████████████████████████████████                             │
│     8a     10a    1p     3p     6p     8p     11   ↑ 6:22 AM ─●── ↓ 8:03 PM  │
│                                                                              │
│                                                                              │
│                                                                              │
│                                                                              │
│                                                                              │
│                                                                              │
│                                                                              │
│                                                                              │
│                                                                              │
│                                                                              │
│                                                                              │
│                                                                              │
│                                                                              │
│                                                                              │
│                                                                              │
│esc close · ↑↓ scroll                                                         │
└──────────────────────────────────────────────────────────────────────────────┘
"
`;

exports[`day detail overlay portland day detail golden at lg 120x40: lg 120x40 1`] = `
"┌─day detail · Mon 2026-08-24──────────────────────────────────────────────────────────────────────────────────────────┐
│── 16 hourly points ─────────────────────────────────────────────────────────────  wind max  9 mph                    │
│temp                ▂▂▂▆▆▆███92°███▇▇▇▄▄▄                                          gust max  19 mph                   │
│                 ▅▅▅█████████████████████▇▇▇                                       UV max    6.5                      │
│              ▅▅▅██████████████████████████████▅▅▅▃▃▃                              precip    0.00 in                  │
│     61°▄▄▄██████████████████████████████████████████                                                                 │
│     8a      10a     1p      4p      6p      9p                                    ↑ 6:22 AM ───●───────── ↓ 8:03 PM  │
│                                                                                                                      │
│                                                                                                                      │
│                                                                                                                      │
│                                                                                                                      │
│                                                                                                                      │
│                                                                                                                      │
│                                                                                                                      │
│                                                                                                                      │
│                                                                                                                      │
│                                                                                                                      │
│                                                                                                                      │
│                                                                                                                      │
│                                                                                                                      │
│                                                                                                                      │
│                                                                                                                      │
│                                                                                                                      │
│                                                                                                                      │
│                                                                                                                      │
│                                                                                                                      │
│                                                                                                                      │
│                                                                                                                      │
│                                                                                                                      │
│                                                                                                                      │
│                                                                                                                      │
│                                                                                                                      │
│                                                                                                                      │
│                                                                                                                      │
│                                                                                                                      │
│                                                                                                                      │
│                                                                                                                      │
│                                                                                                                      │
│esc close · ↑↓ scroll                                                                                                 │
└──────────────────────────────────────────────────────────────────────────────────────────────────────────────────────┘
"
`;
