// Bun Snapshot v1, https://bun.sh/docs/test/snapshots

exports[`day detail overlay portland day detail golden at md 80x24: md 80x24 1`] = `
"┌─day detail · Wed 2026-09-02──────────────────────────────────────────────────┐
│── 24 hourly points ──────────────────────────────  wind max  15 mph          │
│temp ▂                ▅▆64°    ▁▁                   gust max  37 mph          │
│     ██▆▅▅▅▄▄▅▃▁    ▃█████▆█▇▆▇███▆▃▃▃▂▂▂           UV max    1.3             │
│     ███████████▇▆▄██████████████████████▇▃▂▁▂▃     precip    0.66 in         │
│     ██████████████████████████████████████████▆                              │
│rain                     ▄▅▅▅▄▄▄▅▅▇▇▇▅       ▃▄▃    night low 53°             │
│     12a    4a     7a     11a    3p     7p     11   night rain 0.02 in        │
│                                                    morning   61°             │
│                                                                              │
│                                                    ↑ 6:33 AM ○─── ↓ 7:46 PM  │
│                                                                              │
│                                                                              │
│                                                                              │
│                                                                              │
│                                                                              │
│                                                                              │
│                                                                              │
│                                                                              │
│                                                                              │
│                                                                              │
│                                                                              │
│esc close · ↑↓ scroll                                                         │
└──────────────────────────────────────────────────────────────────────────────┘
"
`;

exports[`day detail overlay portland day detail golden at lg 120x40: lg 120x40 1`] = `
"┌─day detail · Wed 2026-09-02──────────────────────────────────────────────────────────────────────────────────────────┐
│── 24 hourly points ─────────────────────────────────────────────────────────────  wind max  15 mph                   │
│temp ▂▂▂                        ▅▅▅64°         ▁▁▁                                 gust max  37 mph                   │
│     ███▆▆▆▅▅▅▄▄▄▅▅▅▁▁▁      ▃▃▃██████▆▆▆███▆▆▆██████▃▃▃▃▃▃▂▂▂▂▂▂                  UV max    1.3                      │
│     ██████████████████▇▇▇▄▄▄████████████████████████████████████▃▃▃▁▁▁▃▃▃         precip    0.66 in                  │
│     █████████████████████████████████████████████████████████████████████53°                                         │
│rain                                  ▅▅▅▅▅▅▄▄▄▄▄▄▅▅▅▇▇▇▅▅▅            ▄▄▄         night low 53°                      │
│     12a         4a          8a          12p         4p          8p                night rain 0.02 in                 │
│                                                                                   morning   61°                      │
│                                                                                                                      │
│                                                                                   ↑ 6:33 AM ○──────────── ↓ 7:46 PM  │
│                                                                                                                      │
│                                                                                                                      │
│                                                                                                                      │
│                                                                                                                      │
│                                                                                                                      │
│                                                                                                                      │
│                                                                                                                      │
│                                                                                                                      │
│                                                                                                                      │
│                                                                                                                      │
│                                                                                                                      │
│                                                                                                                      │
│                                                                                                                      │
│                                                                                                                      │
│                                                                                                                      │
│                                                                                                                      │
│                                                                                                                      │
│                                                                                                                      │
│                                                                                                                      │
│                                                                                                                      │
│                                                                                                                      │
│                                                                                                                      │
│                                                                                                                      │
│                                                                                                                      │
│                                                                                                                      │
│                                                                                                                      │
│                                                                                                                      │
│esc close · ↑↓ scroll                                                                                                 │
└──────────────────────────────────────────────────────────────────────────────────────────────────────────────────────┘
"
`;
