// Bun Snapshot v1, https://bun.sh/docs/test/snapshots

exports[`golden frames portland fixture at lg 120x40: lg 120x40 1`] = `
"┌─locations──────────────┐Portland                                                                                      
│● Portland ☀ 65°        │45.5°, -122.7°  synced just now                                                               
│                        │                                                                                              
│                        │┌─main · lg──────────────────────────────────────────────────────────────────────────────────┐
│                        ││ █▄▄ █▀                                                                                     │
│                        ││ █▄█ ▄█°                                                                                    │
│                        ││ ☀ Clear sky · feels like 64°                                                               │
│                        ││ ↑ 7 mph N · humidity 79% · dew pt 58°                                                      │
│                        ││ uv -- · vis -- · 1015 hPa                                                                  │
│                        ││                                                                                            │
│                        ││ humidity 79%                                 dew pt   58°                                  │
│                        ││ pressure 1015 hPa                            gusts    14 mph                               │
│                        ││ uv       --                                  vis      --                                   │
│                        ││ sunrise  6:22 AM                             sunset   8:03 PM                              │
│                        ││                                                                                            │
│                        ││ ── next 24h ────────────────────────────────────────────────────────────────────────────── │
│                        ││ temp ▃▄▆▇██████▇▅▄▄▄▄▃▂▂▂▁▁▂▃                                                              │
│                        ││ rain ░░░░░░░░░░░░░░░░░░░░░░░░                                                              │
│                        ││ 10a    3p    8p    1a    6a                                                                │
│                        ││                                                                                            │
│                        ││ ── 3 day ───────────────────────────────────────────────────────────────────────────────── │
│                        ││                                                                                            │
│                        ││ Mon ☁ 59°█████████████████████████████████████████████████████████████████████92° ☂ 0%     │
│                        ││ Tue ☁ 61°░░░░░████████████████████████████████████████████████████░░░░░░░░░░░░87° ☂ 1%     │
│                        ││ Wed ☀ 60°░░░████████████████████████████████████████████████████░░░░░░░░░░░░░░85° ☂ 0%     │
│                        ││                                                                                            │
│                        ││                                                                                            │
│                        ││                                                                                            │
│                        ││                                                                                            │
│                        ││                                                                                            │
│                        ││                                                                                            │
│                        ││                                                                                            │
│                        ││                                                                                            │
│                        ││                                                                                            │
│                        ││                                                                                            │
│                        ││                                                                                            │
│                        ││                                                                                            │
│                        │└────────────────────────────────────────────────────────────────────────────────────────────┘
│                        │                                                                                              
└────────────────────────┘/ search · r refresh · u units · [ ] locations · ? help · q quit                              
"
`;

exports[`golden frames portland fixture at md 80x24: md 80x24 1`] = `
"Portland                                                                        
45.5°, -122.7°  synced just now                                                 
                                                                                
┌─main · md────────────────────────────────────────────────────────────────────┐
│ █▄▄ █▀                                                                       │
│ █▄█ ▄█°                                                                      │
│ ☀ Clear sky · feels like 64°                                                 │
│ ↑ 7 mph N · humidity 79% · dew pt 58°                                        │
│ uv -- · vis -- · 1015 hPa                                                    │
│                                                                              │
│ ── next 24h ──────────────────────────────────────────────────────────────── │
│ temp ▃▄▆▇██████▇▅▄▄▄▄▃▂▂▂▁▁▂▃                                                │
│ rain ░░░░░░░░░░░░░░░░░░░░░░░░                                                │
│ 10a    3p    8p    1a    6a                                                  │
│                                                                              │
│ ── 3 day ─────────────────────────────────────────────────────────────────── │
│                                                                              │
│ Mon ☁ 59°███████████████████████████████████████████████████████92° ☂ 0%     │
│ Tue ☁ 61°░░░░██████████████████████████████████████████░░░░░░░░░87° ☂ 1%     │
│ Wed ☀ 60°░░█████████████████████████████████████████░░░░░░░░░░░░85° ☂ 0%     │
│                                                                              │
└──────────────────────────────────────────────────────────────────────────────┘
                                                                                
/ search · r refresh · u units · [ ] locations · ? help · q quit                
"
`;

exports[`golden frames portland fixture at sm 60x20: sm 60x20 1`] = `
"Portland · 9:15 AM · sm                                     
                                                            
┌─main · sm────────────────────────────────────────────────┐
│ 65° Clear sky · feels like 64°                           │
│ 7 mph N · humidity 79%                                   │
│                                                          │
│ ── next 12h ──────────────────────────────────────────── │
│ temp ▁▃▅▇█████▇▆▄                                        │
│ rain ░░░░░░░░░░░░                                        │
│ 10a  1p  4p  7p                                          │
│                                                          │
│ ── 3 day ─────────────────────────────────────────────── │
│                                                          │
│ Mon ☁ 59°██████████████92°  Tue ☁ 61°░███████████░░87°   │
│ Wed ☀ 60°░██████████░░░85°                               │
│                                                          │
│                                                          │
└──────────────────────────────────────────────────────────┘
                                                            
r refresh · u units · ? help · q quit                       
"
`;

exports[`golden frames portland fixture at xs 40x12: xs 40x12 1`] = `
"Portland · 9:15 AM · xs                 
                                        
┌─main · xs────────────────────────────┐
│ 65° Clear sky · fl 64°               │
│                                      │
│ ▁▃▅▇█████▇▆▄                         │
│                                      │
│ Mon☁92° Tue☁87° Wed☀85°              │
│                                      │
└──────────────────────────────────────┘
                                        
r u ? q                                 
"
`;
