// Bun Snapshot v1, https://bun.sh/docs/test/snapshots

exports[`golden frames portland fixture at lg 120x40: lg 120x40 1`] = `
"┌─locations──────────────┐Portland  45.5°, -122.7°  synced just now                                                     
│● Portland ☀ 65°        │                                                                                              
│                        │┌─main · lg──────────────────────────────────────────────────────────────────────────────────┐
│                        ││ ╭━━━╮ ╭━━━╮°                  humidity 79%                      dew pt   58°               │
│                        ││ ┃╭━━╯ ┃╭━━╯                   pressure 1015 hPa                 gusts    14 mph            │
│                        ││ ┃╰━━╮ ┃╰━━╮                   uv       --                       vis      --                │
│                        ││ ┃╭━╮┃ ╰━━╮┃                   sunrise  6:22 AM                  sunset   8:03 PM           │
│                        ││ ┃╰━╯┃ ╭━━╯┃                                                                                │
│                        ││ ╰━━━╯ ╰━━━╯                                                                                │
│                        ││ ☀ Clear sky · feels like 64°                                                               │
│                        ││                                                                                            │
│                        ││ ── next 48h ────────────────────────────────────────────────────────────────────────────── │
│                        ││ temp ▃▄▄▅▆▇▇██████████▇▇▆▅▄▄▄▄▄▄▄▃▃▃▂▂▂▂▁▁▁▂▂▃▃▄▄▅▅▆▆▆▇▇▇██▇▇▇▆▆▅▄▄▃▂▂▂▂▂▁▁▁▁▁▁▁▁▁▂▂▁▂▂▂▃  │
│                        ││ rain ░░░░░░░░░░░░░░░░░░░░░░░░░░░░░░░░░░░░░░░░░░░░░░░░░░░░░░░░░░░░░░░░░░░░░░░░░░░░░░░░░░░░  │
│                        ││      10a           6p            2a            10a           6p            2a              │
│                        ││                                                                                            │
│                        ││ ── 7 day ───────────────────────────────────────────────────────────────────────────────── │
│                        ││                                                                                            │
│                        ││ Mon ☁ 59°░░░░░░███████████████████████████████████████████████████████████████92°          │
│                        ││ Tue ☁ 61°░░░░░░░░░░░███████████████████████████████████████████████░░░░░░░░░░░87°          │
│                        ││ Wed ☀ 60°░░░░░░░░████████████████████████████████████████████████░░░░░░░░░░░░░85°          │
│                        ││ Thu ☀ 59°░░░░░░███████████████████████████████████████████████░░░░░░░░░░░░░░░░84°          │
│                        ││ Fri ☁ 58°░░░░░██████████████████████████████████████████░░░░░░░░░░░░░░░░░░░░░░81°          │
│                        ││ Sat ☂ 57°░░█████████████████████████████████░░░░░░░░░░░░░░░░░░░░░░░░░░░░░░░░░░74° ☂ 65%    │
│                        ││ Sun ☂ 56°██████████████████████████████░░░░░░░░░░░░░░░░░░░░░░░░░░░░░░░░░░░░░░░72° ☂ 40%    │
│                        ││                                                                                            │
│                        ││                                                                                            │
│                        ││                                                                                            │
│                        ││                                                                                            │
│                        ││                                                                                            │
│                        ││                                                                                            │
│                        ││                                                                                            │
│                        ││                                                                                            │
│                        ││                                                                                            │
│                        ││                                                                                            │
│                        ││                                                                                            │
│                        ││                                                                                            │
│                        │└────────────────────────────────────────────────────────────────────────────────────────────┘
│                        │                                                                                              
└────────────────────────┘/ search · r refresh · u units · [ ] locations · ? help · q quit                              
"
`;

exports[`golden frames portland fixture at md 80x24: md 80x24 1`] = `
"Portland  45.5°, -122.7°  synced just now                                       
                                                                                
┌─main · md────────────────────────────────────────────────────────────────────┐
│ ╭━━━╮ ╭━━━╮°                  humidity 79%               dew pt   58°        │
│ ┃╭━━╯ ┃╭━━╯                   pressure 1015 hPa          gusts    14 mph     │
│ ┃╰━━╮ ┃╰━━╮                   uv       --                vis      --         │
│ ┃╭━╮┃ ╰━━╮┃                   sunrise  6:22 AM           sunset   8:03 PM    │
│ ┃╰━╯┃ ╭━━╯┃                                                                  │
│ ╰━━━╯ ╰━━━╯                                                                  │
│ ☀ Clear sky · feels like 64°                                                 │
│                                                                              │
│ ── next 48h ──────────────────────────────────────────────────────────────── │
│ temp ▃▄▅▆▇█████████▇▇▆▅▄▄▄▄▄▃▃▃▂▂▂▂▁▁▂▂▃▄▄▅▆▆▇▇▇██▇▇▇▆▅▄▄▃▂▂▂▁▁▁▁▁▁▁▁▁▁▁▂▂▃  │
│ rain ░░░░░░░░░░░░░░░░░░░░░░░░░░░░░░░░░░░░░░░░░░░░░░░░░░░░░░░░░░░░░░░░░░░░░░  │
│      10a        5p         1a         8a         4p         12a        7a    │
│                                                                              │
│ ── 7 day ─────────────────────────────────────────────────────────────────── │
│                                                                              │
│ Mon ☁ 59°░░██████████████████████92°  Tue ☁ 61°░░░░████████████████░░░░87°   │
│ Wed ☀ 60°░░░████████████████░░░░░85°  Thu ☀ 59°░░████████████████░░░░░░84°   │
│ Fri ☁ 58°░░██████████████░░░░░░░░81°  Sat ☂ 57°░███████████░░░░░░░░░░░░74°   │
└──────────────────────────────────────────────────────────────────────────────┘
                                                                                
/ search · r refresh · u units · [ ] locations · ? help · q quit                
"
`;

exports[`golden frames portland fixture at sm 60x20: sm 60x20 1`] = `
"Portland · 9:15 AM · sm                                     
                                                            
┌─main · sm────────────────────────────────────────────────┐
│ 65° Clear sky · feels like 64°                           │
│ 7 mph N · humidity 79%                                   │
│                                                          │
│ ── next 12h ──────────────────────────────────────────── │
│ temp ▁▁▁▃▃▃▅▅▅▇▇▇███████████████▇▇▇▆▆▆▄▄▄                │
│ rain ░░░░░░░░░░░░░░░░░░░░░░░░░░░░░░░░░░░░                │
│      10a   12p   2p    4p    6p    8p                    │
│                                                          │
│ ── 7 day ─────────────────────────────────────────────── │
│                                                          │
│ Mon ☁ 59°░██████92°         Tue ☁ 61°░█████░87°          │
│ Wed ☀ 60°░█████░85°         Thu ☀ 59°░████░░84°          │
│ Fri ☁ 58°█████░░81°         Sat ☂ 57°████░░░74° ☂ 65%    │
│ Sun ☂ 56°███░░░░72° ☂ 40%                                │
└──────────────────────────────────────────────────────────┘
                                                            
r refresh · u units · ? help · q quit                       
"
`;

exports[`golden frames portland fixture at xs 40x12: xs 40x12 1`] = `
"Portland · 9:15 AM · xs                 
                                        
┌─main · xs────────────────────────────┐
│ 65° Clear sky · fl 64°               │
│                                      │
│ ▁▃▅▇█████▇▆▄                         │
│                                      │
│ Mon☁92° Tue☁87° Wed☀85° Thu☀84° Fri… │
│                                      │
└──────────────────────────────────────┘
                                        
r u ? q                                 
"
`;
